// Jest Snapshot v1, https://goo.gl/fbAQLP

exports[`Last-Search component LastSearch Snapshot component 1`] = `
<Provider
  store={
    Object {
      "@@observable": [Function],
      "dispatch": [Function],
      "getState": [Function],
      "replaceReducer": [Function],
      "subscribe": [Function],
    }
  }
>
  <BrowserRouter>
    <Router
      history={
        Object {
          "action": "POP",
          "block": [Function],
          "createHref": [Function],
          "go": [Function],
          "goBack": [Function],
          "goForward": [Function],
          "length": 1,
          "listen": [Function],
          "location": Object {
            "hash": "",
            "pathname": "/",
            "search": "",
            "state": undefined,
          },
          "push": [Function],
          "replace": [Function],
        }
      }
    >
      <LastSearch
        listOfThreeLastItems={
          Array [
            "item1",
            "item2",
            "item3",
          ]
        }
      >
        <styled.div>
          <div
            className="sc-jSFjdj bcarFw"
          >
            <div>
              <styled.ul>
                <ul
                  className="sc-gKAaRy fgCheT"
                >
                  <li
                    key="0"
                  >
                    <Link
                      to="/item1"
                    >
                      <LinkAnchor
                        href="/item1"
                        navigate={[Function]}
                      >
                        <a
                          href="/item1"
                          onClick={[Function]}
                        >
                          <Styled(Button)
                            onClick={[Function]}
                            variant="outline-dark"
                          >
                            <Button
                              active={false}
                              className="sc-eCApnc iAbNsN"
                              disabled={false}
                              onClick={[Function]}
                              variant="outline-dark"
                            >
                              <button
                                className="sc-eCApnc iAbNsN btn btn-outline-dark"
                                disabled={false}
                                onClick={[Function]}
                                type="button"
                              >
                                item1
                              </button>
                            </Button>
                          </Styled(Button)>
                        </a>
                      </LinkAnchor>
                    </Link>
                  </li>
                  <li
                    key="1"
                  >
                    <Link
                      to="/item2"
                    >
                      <LinkAnchor
                        href="/item2"
                        navigate={[Function]}
                      >
                        <a
                          href="/item2"
                          onClick={[Function]}
                        >
                          <Styled(Button)
                            onClick={[Function]}
                            variant="outline-dark"
                          >
                            <Button
                              active={false}
                              className="sc-eCApnc iAbNsN"
                              disabled={false}
                              onClick={[Function]}
                              variant="outline-dark"
                            >
                              <button
                                className="sc-eCApnc iAbNsN btn btn-outline-dark"
                                disabled={false}
                                onClick={[Function]}
                                type="button"
                              >
                                item2
                              </button>
                            </Button>
                          </Styled(Button)>
                        </a>
                      </LinkAnchor>
                    </Link>
                  </li>
                  <li
                    key="2"
                  >
                    <Link
                      to="/item3"
                    >
                      <LinkAnchor
                        href="/item3"
                        navigate={[Function]}
                      >
                        <a
                          href="/item3"
                          onClick={[Function]}
                        >
                          <Styled(Button)
                            onClick={[Function]}
                            variant="outline-dark"
                          >
                            <Button
                              active={false}
                              className="sc-eCApnc iAbNsN"
                              disabled={false}
                              onClick={[Function]}
                              variant="outline-dark"
                            >
                              <button
                                className="sc-eCApnc iAbNsN btn btn-outline-dark"
                                disabled={false}
                                onClick={[Function]}
                                type="button"
                              >
                                item3
                              </button>
                            </Button>
                          </Styled(Button)>
                        </a>
                      </LinkAnchor>
                    </Link>
                  </li>
                </ul>
              </styled.ul>
            </div>
          </div>
        </styled.div>
      </LastSearch>
    </Router>
  </BrowserRouter>
</Provider>
`;
